
yyyyy                              yyyyyyy  yyyyy  yxy
`xxx'                               `xxxx    dx'   `"'
 xxx          .yyyyy.  yyyy    yyy    Yxxx..xP    yyyy  yyy. .yy.
 xxx         dxx' `xxb  `xx.  .x'      `xxxx'     `xxx  `xxxP"Yxxb
 xxx         xxx   xxx   `xx..x'      .xPYxxx.     xxx   xxx   xxx
 xxx       y xxx   xxx    `xxx'      dx'  `xxxb    xxx   xxx   xxx
yxxxyyyyyydx `YxbydxP'     .x'     yxxxy  yxxxxxy yxxxy yxxxy yxxxy
                       .y..P'
                       `YxP'
